#-----------------------------------------------------------
# Vivado v2025.1 (64-bit)
# SW Build 6140274 on Thu May 22 00:12:29 MDT 2025
# IP Build 6138677 on Thu May 22 03:10:11 MDT 2025
# SharedData Build 6139179 on Tue May 20 17:58:58 MDT 2025
# Start of session at: Sat Jun 20 21:19:02 2026
# Process ID         : 11660
# Current directory  : C:/Users/noere/Documents/RISC-V-CPU/doc/memoria/res/misc/mux2/mux2-on-fpga
# Command line       : vivado.exe -gui_launcher_event rodinguilauncherevent9192 C:\Users\noere\Documents\RISC-V-CPU\doc\memoria\res\misc\mux2\mux2-on-fpga\mux2-on-fpga.xpr
# Log file           : C:/Users/noere/Documents/RISC-V-CPU/doc/memoria/res/misc/mux2/mux2-on-fpga/vivado.log
# Journal file       : C:/Users/noere/Documents/RISC-V-CPU/doc/memoria/res/misc/mux2/mux2-on-fpga\vivado.jou
# Running On         : DESKTOP-OA1IP1E
# Platform           : Windows Server 2016 or Windows 10
# Operating System   : 26200
# Processor Detail   : Intel(R) Core(TM) i7-8550U CPU @ 1.80GHz
# CPU Frequency      : 1992 MHz
# CPU Physical cores : 4
# CPU Logical cores  : 8
# Host memory        : 8451 MB
# Swap memory        : 17531 MB
# Total Virtual      : 25983 MB
# Available Virtual  : 7915 MB
#-----------------------------------------------------------
start_gui
open_project C:/Users/noere/Documents/RISC-V-CPU/doc/memoria/res/misc/mux2/mux2-on-fpga/mux2-on-fpga.xpr
update_compile_order -fileset sources_1
open_hw_manager
connect_hw_server -allow_non_jtag
open_hw_target
set_property PROGRAM.FILE {C:/Users/noere/Documents/RISC-V-CPU/doc/memoria/res/misc/mux2/mux2-on-fpga/mux2-on-fpga.runs/impl_1/Mux2.bit} [get_hw_devices xc7a100t_0]
current_hw_device [get_hw_devices xc7a100t_0]
refresh_hw_device -update_hw_probes false [lindex [get_hw_devices xc7a100t_0] 0]
set_property PROBES.FILE {} [get_hw_devices xc7a100t_0]
set_property FULL_PROBES.FILE {} [get_hw_devices xc7a100t_0]
set_property PROGRAM.FILE {C:/Users/noere/Documents/RISC-V-CPU/doc/memoria/res/misc/mux2/mux2-on-fpga/mux2-on-fpga.runs/impl_1/Mux2.bit} [get_hw_devices xc7a100t_0]
program_hw_devices [get_hw_devices xc7a100t_0]
refresh_hw_device [lindex [get_hw_devices xc7a100t_0] 0]
refresh_hw_device [lindex [get_hw_devices xc7a100t_0] 0]
